******************************************************************************
             TMS320C2000 Linker PC v5.2.15                     
******************************************************************************
>> Linked Tue Feb 23 16:12:19 2016

OUTPUT FILE NAME:   <PIDCtrl_2.out>
ENTRY POINT SYMBOL: "_c_int00"  address: 0033932b


MEMORY CONFIGURATION

         name            origin    length      used     unused   attr    fill
----------------------  --------  ---------  --------  --------  ----  --------
PAGE 0:
  ZONE0                 00004000   00001000  00000000  00001000  RWIX
  RAML0                 00008000   00001000  0000001f  00000fe1  RWIX
  RAML1                 00009000   00001000  00000000  00001000  RWIX
  RAML2                 0000a000   00001000  00000000  00001000  RWIX
  RAML3                 0000b000   00001000  00000000  00001000  RWIX
  ZONE6                 00100000   00100000  00000000  00100000  RWIX
  ZONE7A                00200000   0000fc00  00000000  0000fc00  RWIX
  FLASHH                00300000   00008000  00000000  00008000  RWIX
  FLASHG                00308000   00008000  00000000  00008000  RWIX
  FLASHF                00310000   00008000  00000000  00008000  RWIX
  FLASHE                00318000   00008000  00000000  00008000  RWIX
  FLASHD                00320000   00008000  0000001f  00007fe1  RWIX
  FLASHC                00328000   00008000  00000000  00008000  RWIX
  FLASHA                00338000   00007f80  0000158a  000069f6  RWIX
  CSM_RSVD              0033ff80   00000076  00000000  00000076  RWIX
  BEGIN                 0033fff6   00000002  00000002  00000000  RWIX
  CSM_PWL               0033fff8   00000008  00000000  00000008  RWIX
  ADC_CAL               00380080   00000009  00000007  00000002  RWIX
  OTP                   00380400   00000400  00000000  00000400  RWIX
  IQTABLES              003fe000   00000b50  00000000  00000b50  RWIX
  IQTABLES2             003feb50   0000008c  00000000  0000008c  RWIX
  FPUTABLES             003febdc   000006a0  00000000  000006a0  RWIX
  ROM                   003ff27c   00000d44  00000000  00000d44  RWIX
  RESET                 003fffc0   00000002  00000000  00000002  RWIX
  VECTORS               003fffc2   0000003e  00000000  0000003e  RWIX

PAGE 1:
  BOOT_RSVD             00000000   00000050  00000000  00000050  RWIX
  RAMM0                 00000050   000003b0  00000000  000003b0  RWIX
  RAMM1                 00000400   00000400  00000200  00000200  RWIX
  DEV_EMU               00000880   00000180  000000d0  000000b0  RWIX
  FLASH_REGS            00000a80   00000060  00000008  00000058  RWIX
  CSM                   00000ae0   00000010  00000010  00000000  RWIX
  ADC_MIRROR            00000b00   00000010  00000010  00000000  RWIX
  XINTF                 00000b20   00000020  0000001e  00000002  RWIX
  CPU_TIMER0            00000c00   00000008  00000008  00000000  RWIX
  CPU_TIMER1            00000c08   00000008  00000008  00000000  RWIX
  CPU_TIMER2            00000c10   00000008  00000008  00000000  RWIX
  PIE_CTRL              00000ce0   00000020  0000001a  00000006  RWIX
  PIE_VECT              00000d00   00000100  00000100  00000000  RWIX
  DMA                   00001000   00000200  000000e0  00000120  RWIX
  MCBSPA                00005000   00000040  00000025  0000001b  RWIX
  MCBSPB                00005040   00000040  00000025  0000001b  RWIX
  ECANA                 00006000   00000040  00000034  0000000c  RWIX
  ECANA_LAM             00006040   00000040  00000040  00000000  RWIX
  ECANA_MOTS            00006080   00000040  00000040  00000000  RWIX
  ECANA_MOTO            000060c0   00000040  00000040  00000000  RWIX
  ECANA_MBOX            00006100   00000100  00000100  00000000  RWIX
  ECANB                 00006200   00000040  00000034  0000000c  RWIX
  ECANB_LAM             00006240   00000040  00000040  00000000  RWIX
  ECANB_MOTS            00006280   00000040  00000040  00000000  RWIX
  ECANB_MOTO            000062c0   00000040  00000040  00000000  RWIX
  ECANB_MBOX            00006300   00000100  00000100  00000000  RWIX
  EPWM1                 00006800   00000022  00000022  00000000  RWIX
  EPWM2                 00006840   00000022  00000022  00000000  RWIX
  EPWM3                 00006880   00000022  00000022  00000000  RWIX
  EPWM4                 000068c0   00000022  00000022  00000000  RWIX
  EPWM5                 00006900   00000022  00000022  00000000  RWIX
  EPWM6                 00006940   00000022  00000022  00000000  RWIX
  ECAP1                 00006a00   00000020  00000020  00000000  RWIX
  ECAP2                 00006a20   00000020  00000020  00000000  RWIX
  ECAP3                 00006a40   00000020  00000020  00000000  RWIX
  ECAP4                 00006a60   00000020  00000020  00000000  RWIX
  ECAP5                 00006a80   00000020  00000020  00000000  RWIX
  ECAP6                 00006aa0   00000020  00000020  00000000  RWIX
  EQEP1                 00006b00   00000040  00000040  00000000  RWIX
  EQEP2                 00006b40   00000040  00000040  00000000  RWIX
  GPIOCTRL              00006f80   00000040  0000002e  00000012  RWIX
  GPIODAT               00006fc0   00000020  00000020  00000000  RWIX
  GPIOINT               00006fe0   00000020  0000000a  00000016  RWIX
  SYSTEM                00007010   00000020  00000020  00000000  RWIX
  SPIA                  00007040   00000010  00000010  00000000  RWIX
  SCIA                  00007050   00000010  00000010  00000000  RWIX
  XINTRUPT              00007070   00000010  00000010  00000000  RWIX
  ADC                   00007100   00000020  0000001e  00000002  RWIX
  SCIB                  00007750   00000010  00000010  00000000  RWIX
  SCIC                  00007770   00000010  00000010  00000000  RWIX
  I2CA                  00007900   00000040  00000022  0000001e  RWIX
  RAML4                 0000c000   00001000  000000c6  00000f3a  RWIX
  RAML5                 0000d000   00001000  00000000  00001000  RWIX
  RAML6                 0000e000   00001000  00000000  00001000  RWIX
  RAML7                 0000f000   00001000  00000000  00001000  RWIX
  ZONE7B                0020fc00   00000400  00000000  00000400  RWIX
  FLASHB                00330000   00008000  00000000  00008000  RWIX
  CSM_PWL               0033fff8   00000008  00000008  00000000  RWIX
  PARTID                00380090   00000001  00000000  00000001  RWIX


SECTION ALLOCATION MAP

 output                                  attributes/
section   page    origin      length       input sections
--------  ----  ----------  ----------   ----------------
.pinit     0    00338000    00000000     UNINITIALIZED

ramfuncs   0    00320000    0000001f     RUN ADDR = 00008000
                  00320000    0000001b     DSP2833x_SysCtrl.obj (ramfuncs)
                  0032001b    00000004     DSP2833x_usDelay.obj (ramfuncs)

.text      0    00338000    0000146c     
                  00338000    00000775     PIDCtrl_2.obj (.text)
                  00338775    0000040c     DSP2833x_DMA.obj (.text)
                  00338b81    00000316     DSP2833x_DefaultIsr.obj (.text)
                  00338e97    00000139     DSP28xx_SciUtil.obj (.text)
                  00338fd0    000000f5     DSP2833x_SysCtrl.obj (.text)
                  003390c5    000000e6     MW_c28xx_csl.obj (.text)
                  003391ab    00000088     rts2800_fpu32.lib : fs_div.obj (.text)
                  00339233    0000007f     MW_c28xx_board.obj (.text)
                  003392b2    00000079     DSP2833x_CpuTimers.obj (.text)
                  0033932b    00000046     rts2800_fpu32.lib : boot.obj (.text)
                  00339371    00000038     PIDCtrl_2_main.obj (.text)
                  003393a9    00000028     DSP2833x_PieCtrl.obj (.text)
                  003393d1    00000020     DSP2833x_PieVect.obj (.text)
                  003393f1    0000001b     rts2800_fpu32.lib : args_main.obj (.text)
                  0033940c    00000019                       : exit.obj (.text)
                  00339425    00000018     MW_c28xx_pwm.obj (.text)
                  0033943d    00000017     DSP2833x_MemCopy.obj (.text)
                  00339454    00000009     rts2800_fpu32.lib : _lock.obj (.text)
                  0033945d    00000008     DSP2833x_CodeStartBranch.obj (.text)
                  00339465    00000007     rts2800_fpu32.lib : memset.obj (.text)

.econst    0    0033946c    00000100     
                  0033946c    00000100     DSP2833x_PieVect.obj (.econst)

.cinit     0    0033956c    0000001e     
                  0033956c    0000000a     rts2800_fpu32.lib : _lock.obj (.cinit)
                  00339576    0000000a                       : exit.obj (.cinit)
                  00339580    00000008     PIDCtrl_2_main.obj (.cinit)
                  00339588    00000002     --HOLE-- [fill = 0]

codestart 
*          0    0033fff6    00000002     
                  0033fff6    00000002     DSP2833x_CodeStartBranch.obj (codestart)

.adc_cal   0    00380080    00000007     NOLOAD SECTION
                  00380080    00000007     DSP2833x_ADC_cal.obj (.adc_cal)

.reset     0    003fffc0    00000002     DSECT
                  003fffc0    00000002     rts2800_fpu32.lib : boot.obj (.reset)

vectors    0    003fffc2    00000000     DSECT

.stack     1    00000400    00000200     UNINITIALIZED
                  00000400    00000200     --HOLE--

DevEmuRegsFile 
*          1    00000880    000000d0     UNINITIALIZED
                  00000880    000000d0     DSP2833x_GlobalVariableDefs.obj (DevEmuRegsFile)

FlashRegsFile 
*          1    00000a80    00000008     UNINITIALIZED
                  00000a80    00000008     DSP2833x_GlobalVariableDefs.obj (FlashRegsFile)

CsmRegsFile 
*          1    00000ae0    00000010     UNINITIALIZED
                  00000ae0    00000010     DSP2833x_GlobalVariableDefs.obj (CsmRegsFile)

AdcMirrorFile 
*          1    00000b00    00000010     UNINITIALIZED
                  00000b00    00000010     DSP2833x_GlobalVariableDefs.obj (AdcMirrorFile)

XintfRegsFile 
*          1    00000b20    0000001e     UNINITIALIZED
                  00000b20    0000001e     DSP2833x_GlobalVariableDefs.obj (XintfRegsFile)

CpuTimer0RegsFile 
*          1    00000c00    00000008     UNINITIALIZED
                  00000c00    00000008     DSP2833x_GlobalVariableDefs.obj (CpuTimer0RegsFile)

CpuTimer1RegsFile 
*          1    00000c08    00000008     UNINITIALIZED
                  00000c08    00000008     DSP2833x_GlobalVariableDefs.obj (CpuTimer1RegsFile)

CpuTimer2RegsFile 
*          1    00000c10    00000008     UNINITIALIZED
                  00000c10    00000008     DSP2833x_GlobalVariableDefs.obj (CpuTimer2RegsFile)

PieCtrlRegsFile 
*          1    00000ce0    0000001a     UNINITIALIZED
                  00000ce0    0000001a     DSP2833x_GlobalVariableDefs.obj (PieCtrlRegsFile)

PieVectTableFile 
*          1    00000d00    00000100     UNINITIALIZED
                  00000d00    00000100     DSP2833x_GlobalVariableDefs.obj (PieVectTableFile)

DmaRegsFile 
*          1    00001000    000000e0     UNINITIALIZED
                  00001000    000000e0     DSP2833x_GlobalVariableDefs.obj (DmaRegsFile)

McbspaRegsFile 
*          1    00005000    00000025     UNINITIALIZED
                  00005000    00000025     DSP2833x_GlobalVariableDefs.obj (McbspaRegsFile)

McbspbRegsFile 
*          1    00005040    00000025     UNINITIALIZED
                  00005040    00000025     DSP2833x_GlobalVariableDefs.obj (McbspbRegsFile)

ECanaRegsFile 
*          1    00006000    00000034     UNINITIALIZED
                  00006000    00000034     DSP2833x_GlobalVariableDefs.obj (ECanaRegsFile)

ECanaLAMRegsFile 
*          1    00006040    00000040     UNINITIALIZED
                  00006040    00000040     DSP2833x_GlobalVariableDefs.obj (ECanaLAMRegsFile)

ECanaMOTSRegsFile 
*          1    00006080    00000040     UNINITIALIZED
                  00006080    00000040     DSP2833x_GlobalVariableDefs.obj (ECanaMOTSRegsFile)

ECanaMOTORegsFile 
*          1    000060c0    00000040     UNINITIALIZED
                  000060c0    00000040     DSP2833x_GlobalVariableDefs.obj (ECanaMOTORegsFile)

ECanaMboxesFile 
*          1    00006100    00000100     UNINITIALIZED
                  00006100    00000100     DSP2833x_GlobalVariableDefs.obj (ECanaMboxesFile)

ECanbRegsFile 
*          1    00006200    00000034     UNINITIALIZED
                  00006200    00000034     DSP2833x_GlobalVariableDefs.obj (ECanbRegsFile)

ECanbLAMRegsFile 
*          1    00006240    00000040     UNINITIALIZED
                  00006240    00000040     DSP2833x_GlobalVariableDefs.obj (ECanbLAMRegsFile)

ECanbMOTSRegsFile 
*          1    00006280    00000040     UNINITIALIZED
                  00006280    00000040     DSP2833x_GlobalVariableDefs.obj (ECanbMOTSRegsFile)

ECanbMOTORegsFile 
*          1    000062c0    00000040     UNINITIALIZED
                  000062c0    00000040     DSP2833x_GlobalVariableDefs.obj (ECanbMOTORegsFile)

ECanbMboxesFile 
*          1    00006300    00000100     UNINITIALIZED
                  00006300    00000100     DSP2833x_GlobalVariableDefs.obj (ECanbMboxesFile)

EPwm1RegsFile 
*          1    00006800    00000022     UNINITIALIZED
                  00006800    00000022     DSP2833x_GlobalVariableDefs.obj (EPwm1RegsFile)

EPwm2RegsFile 
*          1    00006840    00000022     UNINITIALIZED
                  00006840    00000022     DSP2833x_GlobalVariableDefs.obj (EPwm2RegsFile)

EPwm3RegsFile 
*          1    00006880    00000022     UNINITIALIZED
                  00006880    00000022     DSP2833x_GlobalVariableDefs.obj (EPwm3RegsFile)

EPwm4RegsFile 
*          1    000068c0    00000022     UNINITIALIZED
                  000068c0    00000022     DSP2833x_GlobalVariableDefs.obj (EPwm4RegsFile)

EPwm5RegsFile 
*          1    00006900    00000022     UNINITIALIZED
                  00006900    00000022     DSP2833x_GlobalVariableDefs.obj (EPwm5RegsFile)

EPwm6RegsFile 
*          1    00006940    00000022     UNINITIALIZED
                  00006940    00000022     DSP2833x_GlobalVariableDefs.obj (EPwm6RegsFile)

ECap1RegsFile 
*          1    00006a00    00000020     UNINITIALIZED
                  00006a00    00000020     DSP2833x_GlobalVariableDefs.obj (ECap1RegsFile)

ECap2RegsFile 
*          1    00006a20    00000020     UNINITIALIZED
                  00006a20    00000020     DSP2833x_GlobalVariableDefs.obj (ECap2RegsFile)

ECap3RegsFile 
*          1    00006a40    00000020     UNINITIALIZED
                  00006a40    00000020     DSP2833x_GlobalVariableDefs.obj (ECap3RegsFile)

ECap4RegsFile 
*          1    00006a60    00000020     UNINITIALIZED
                  00006a60    00000020     DSP2833x_GlobalVariableDefs.obj (ECap4RegsFile)

ECap5RegsFile 
*          1    00006a80    00000020     UNINITIALIZED
                  00006a80    00000020     DSP2833x_GlobalVariableDefs.obj (ECap5RegsFile)

ECap6RegsFile 
*          1    00006aa0    00000020     UNINITIALIZED
                  00006aa0    00000020     DSP2833x_GlobalVariableDefs.obj (ECap6RegsFile)

EQep1RegsFile 
*          1    00006b00    00000040     UNINITIALIZED
                  00006b00    00000040     DSP2833x_GlobalVariableDefs.obj (EQep1RegsFile)

EQep2RegsFile 
*          1    00006b40    00000040     UNINITIALIZED
                  00006b40    00000040     DSP2833x_GlobalVariableDefs.obj (EQep2RegsFile)

GpioCtrlRegsFile 
*          1    00006f80    0000002e     UNINITIALIZED
                  00006f80    0000002e     DSP2833x_GlobalVariableDefs.obj (GpioCtrlRegsFile)

GpioDataRegsFile 
*          1    00006fc0    00000020     UNINITIALIZED
                  00006fc0    00000020     DSP2833x_GlobalVariableDefs.obj (GpioDataRegsFile)

GpioIntRegsFile 
*          1    00006fe0    0000000a     UNINITIALIZED
                  00006fe0    0000000a     DSP2833x_GlobalVariableDefs.obj (GpioIntRegsFile)

SysCtrlRegsFile 
*          1    00007010    00000020     UNINITIALIZED
                  00007010    00000020     DSP2833x_GlobalVariableDefs.obj (SysCtrlRegsFile)

SpiaRegsFile 
*          1    00007040    00000010     UNINITIALIZED
                  00007040    00000010     DSP2833x_GlobalVariableDefs.obj (SpiaRegsFile)

SciaRegsFile 
*          1    00007050    00000010     UNINITIALIZED
                  00007050    00000010     DSP2833x_GlobalVariableDefs.obj (SciaRegsFile)

XIntruptRegsFile 
*          1    00007070    00000010     UNINITIALIZED
                  00007070    00000010     DSP2833x_GlobalVariableDefs.obj (XIntruptRegsFile)

AdcRegsFile 
*          1    00007100    0000001e     UNINITIALIZED
                  00007100    0000001e     DSP2833x_GlobalVariableDefs.obj (AdcRegsFile)

ScibRegsFile 
*          1    00007750    00000010     UNINITIALIZED
                  00007750    00000010     DSP2833x_GlobalVariableDefs.obj (ScibRegsFile)

ScicRegsFile 
*          1    00007770    00000010     UNINITIALIZED
                  00007770    00000010     DSP2833x_GlobalVariableDefs.obj (ScicRegsFile)

I2caRegsFile 
*          1    00007900    00000022     UNINITIALIZED
                  00007900    00000022     DSP2833x_GlobalVariableDefs.obj (I2caRegsFile)

.ebss      1    0000c000    000000c6     UNINITIALIZED
                  0000c000    000000a4     PIDCtrl_2.obj (.ebss)
                  0000c0a4    00000018     DSP2833x_CpuTimers.obj (.ebss)
                  0000c0bc    00000004     rts2800_fpu32.lib : _lock.obj (.ebss)
                  0000c0c0    00000004                       : exit.obj (.ebss)
                  0000c0c4    00000002     PIDCtrl_2_main.obj (.ebss)

CsmPwlFile 
*          1    0033fff8    00000008     UNINITIALIZED
                  0033fff8    00000008     DSP2833x_GlobalVariableDefs.obj (CsmPwlFile)


GLOBAL SYMBOLS: SORTED ALPHABETICALLY BY Name 

address    name
--------   ----
00338000   .text
0033940c   C$$EXIT
003391ab   FS$$DIV
00338c67   _ADCINT_ISR
00380080   _ADC_cal
00000b00   _AdcMirror
00007100   _AdcRegs
003392f1   _ConfigCpuTimer
0000c0b4   _CpuTimer0
00000c00   _CpuTimer0Regs
0000c0a4   _CpuTimer1
00000c08   _CpuTimer1Regs
0000c0ac   _CpuTimer2
00000c10   _CpuTimer2Regs
0033fff8   _CsmPwl
00000ae0   _CsmRegs
00339094   _CsmUnlock
00338b95   _DATALOG_ISR
00338d89   _DINTCH1_ISR
00338d93   _DINTCH2_ISR
00338d9d   _DINTCH3_ISR
00338da7   _DINTCH4_ISR
00338db1   _DINTCH5_ISR
00338dbb   _DINTCH6_ISR
0033877f   _DMACH1AddrConfig
00338791   _DMACH1BurstConfig
003387c6   _DMACH1ModeConfig
003387a2   _DMACH1TransferConfig
003387b3   _DMACH1WrapConfig
0033882a   _DMACH2AddrConfig
0033883c   _DMACH2BurstConfig
00338871   _DMACH2ModeConfig
0033884d   _DMACH2TransferConfig
0033885e   _DMACH2WrapConfig
003388d5   _DMACH3AddrConfig
003388e7   _DMACH3BurstConfig
0033891c   _DMACH3ModeConfig
003388f8   _DMACH3TransferConfig
00338909   _DMACH3WrapConfig
00338980   _DMACH4AddrConfig
00338992   _DMACH4BurstConfig
003389c7   _DMACH4ModeConfig
003389a3   _DMACH4TransferConfig
003389b4   _DMACH4WrapConfig
00338a2b   _DMACH5AddrConfig
00338a3d   _DMACH5BurstConfig
00338a72   _DMACH5ModeConfig
00338a4e   _DMACH5TransferConfig
00338a5f   _DMACH5WrapConfig
00338ad6   _DMACH6AddrConfig
00338ae8   _DMACH6BurstConfig
00338b1d   _DMACH6ModeConfig
00338af9   _DMACH6TransferConfig
00338b0a   _DMACH6WrapConfig
00338775   _DMAInitialize
0000801b   _DSP28x_usDelay
00000880   _DevEmuRegs
00338fe3   _DisableDog
00001000   _DmaRegs
00338e15   _ECAN0INTA_ISR
00338e29   _ECAN0INTB_ISR
00338e1f   _ECAN1INTA_ISR
00338e33   _ECAN1INTB_ISR
00338cfd   _ECAP1_INT_ISR
00338d07   _ECAP2_INT_ISR
00338d11   _ECAP3_INT_ISR
00338d1b   _ECAP4_INT_ISR
00338d25   _ECAP5_INT_ISR
00338d2f   _ECAP6_INT_ISR
00006040   _ECanaLAMRegs
000060c0   _ECanaMOTORegs
00006080   _ECanaMOTSRegs
00006100   _ECanaMboxes
00006000   _ECanaRegs
00006240   _ECanbLAMRegs
000062c0   _ECanbMOTORegs
00006280   _ECanbMOTSRegs
00006300   _ECanbMboxes
00006200   _ECanbRegs
00006a00   _ECap1Regs
00006a20   _ECap2Regs
00006a40   _ECap3Regs
00006a60   _ECap4Regs
00006a80   _ECap5Regs
00006aa0   _ECap6Regs
00338ba9   _EMUINT_ISR
00338cc1   _EPWM1_INT_ISR
00338c85   _EPWM1_TZINT_ISR
00338ccb   _EPWM2_INT_ISR
00338c8f   _EPWM2_TZINT_ISR
00338cd5   _EPWM3_INT_ISR
00338c99   _EPWM3_TZINT_ISR
00338cdf   _EPWM4_INT_ISR
00338ca3   _EPWM4_TZINT_ISR
00338ce9   _EPWM5_INT_ISR
00338cad   _EPWM5_TZINT_ISR
00338cf3   _EPWM6_INT_ISR
00338cb7   _EPWM6_TZINT_ISR
00006800   _EPwm1Regs
00006840   _EPwm2Regs
00006880   _EPwm3Regs
000068c0   _EPwm4Regs
00006900   _EPwm5Regs
00006940   _EPwm6Regs
00338d39   _EQEP1_INT_ISR
00338d43   _EQEP2_INT_ISR
00006b00   _EQep1Regs
00006b40   _EQep2Regs
003393c8   _EnableInterrupts
00000a80   _FlashRegs
00006f80   _GpioCtrlRegs
00006fc0   _GpioDataRegs
00006fe0   _GpioIntRegs
00338dc5   _I2CINT1A_ISR
00338dcf   _I2CINT2A_ISR
00007900   _I2caRegs
00338bbd   _ILLEGAL_ISR
00338b81   _INT13_ISR
00338b8b   _INT14_ISR
003392b2   _InitCpuTimers
00008000   _InitFlash
00339039   _InitPeripheralClocks
003393a9   _InitPieCtrl
003393d1   _InitPieVectTable
00338feb   _InitPll
00338fd0   _InitSysCtrl
00339294   _InitXintf16Gpio
0000c0c4   _IsrOverrun
00338e79   _LUF_ISR
00338e6f   _LVF_ISR
00338d75   _MRINTA_ISR
00338d61   _MRINTB_ISR
00338d7f   _MXINTA_ISR
00338d6b   _MXINTB_ISR
00005000   _McbspaRegs
00005040   _McbspbRegs
0033943d   _MemCopy
00338bb3   _NMI_ISR
0000c000   _PIDCtrl_2_DW
00338707   _PIDCtrl_2_initialize
00338000   _PIDCtrl_2_step
00338e83   _PIE_RESERVED
00000ce0   _PieCtrlRegs
00000d00   _PieVectTable
0033946c   _PieVectTableInit
00338b9f   _RTOSINT_ISR
0032001f   _RamfuncsLoadEnd
00320000   _RamfuncsLoadStart
00008000   _RamfuncsRunStart
00338ded   _SCIRXINTA_ISR
00338e01   _SCIRXINTB_ISR
00338dd9   _SCIRXINTC_ISR
00338df7   _SCITXINTA_ISR
00338e0b   _SCITXINTB_ISR
00338de3   _SCITXINTC_ISR
00338c3f   _SEQ1INT_ISR
00338c49   _SEQ2INT_ISR
00338d4d   _SPIRXINTA_ISR
00338d57   _SPITXINTA_ISR
00007050   _SciaRegs
00007750   _ScibRegs
00007770   _ScicRegs
00338fd9   _ServiceDog
00007040   _SpiaRegs
00338822   _StartDMACH1
003388cd   _StartDMACH2
00338978   _StartDMACH3
00338a23   _StartDMACH4
00338ace   _StartDMACH5
00338b79   _StartDMACH6
00007010   _SysCtrlRegs
00338c71   _TINT0_ISR
003390e2   _TINT0_isr
00338c21   _USER10_ISR
00338c2b   _USER11_ISR
00338c35   _USER12_ISR
00338bc7   _USER1_ISR
00338bd1   _USER2_ISR
00338bdb   _USER3_ISR
00338be5   _USER4_ISR
00338bef   _USER5_ISR
00338bf9   _USER6_ISR
00338c03   _USER7_ISR
00338c0d   _USER8_ISR
00338c17   _USER9_ISR
00338c7b   _WAKEINT_ISR
00338c53   _XINT1_ISR
00338c5d   _XINT2_ISR
00338e3d   _XINT3_ISR
00338e47   _XINT4_ISR
00338e51   _XINT5_ISR
00338e5b   _XINT6_ISR
00338e65   _XINT7_ISR
00007070   _XIntruptRegs
00000b20   _XintfRegs
00000600   __STACK_END
00000200   __STACK_SIZE
00000001   __TI_args_main
ffffffff   ___binit__
ffffffff   ___c_args__
0033956c   ___cinit__
0033946c   ___etext__
ffffffff   ___pinit__
00338000   ___text__
003393f1   __args_main
0000c0c0   __cleanup_ptr
0000c0c2   __dtors_ptr
0000c0be   __lock
0033945c   __nop
00339458   __register_lock
00339454   __register_unlock
00000400   __stack
0000c0bc   __unlock
0033940c   _abort
00338eef   _byteswap_L8cmp
00338f47   _byteswap_L8exp
0033932b   _c_int00
00339425   _config_ePWM_GPIO
003390c5   _config_schedulerTimer
003390d6   _disableWatchdog
00339136   _disable_interrupts
00339125   _enable_interrupts
0033940e   _exit
0033913b   _init_SCI
00339191   _init_SCI_GPIO
00339233   _init_board
00339394   _main
00339465   _memset
00338e8d   _rsvd_ISR
00339371   _rt_OneStep
00338e97   _scib_rcv
00338f78   _scic_rcv
00338f26   _scic_xmit
ffffffff   binit
0033956c   cinit
0033fff6   code_start
0033946c   etext
ffffffff   pinit


GLOBAL SYMBOLS: SORTED BY Symbol Address 

address    name
--------   ----
00000001   __TI_args_main
00000200   __STACK_SIZE
00000400   __stack
00000600   __STACK_END
00000880   _DevEmuRegs
00000a80   _FlashRegs
00000ae0   _CsmRegs
00000b00   _AdcMirror
00000b20   _XintfRegs
00000c00   _CpuTimer0Regs
00000c08   _CpuTimer1Regs
00000c10   _CpuTimer2Regs
00000ce0   _PieCtrlRegs
00000d00   _PieVectTable
00001000   _DmaRegs
00005000   _McbspaRegs
00005040   _McbspbRegs
00006000   _ECanaRegs
00006040   _ECanaLAMRegs
00006080   _ECanaMOTSRegs
000060c0   _ECanaMOTORegs
00006100   _ECanaMboxes
00006200   _ECanbRegs
00006240   _ECanbLAMRegs
00006280   _ECanbMOTSRegs
000062c0   _ECanbMOTORegs
00006300   _ECanbMboxes
00006800   _EPwm1Regs
00006840   _EPwm2Regs
00006880   _EPwm3Regs
000068c0   _EPwm4Regs
00006900   _EPwm5Regs
00006940   _EPwm6Regs
00006a00   _ECap1Regs
00006a20   _ECap2Regs
00006a40   _ECap3Regs
00006a60   _ECap4Regs
00006a80   _ECap5Regs
00006aa0   _ECap6Regs
00006b00   _EQep1Regs
00006b40   _EQep2Regs
00006f80   _GpioCtrlRegs
00006fc0   _GpioDataRegs
00006fe0   _GpioIntRegs
00007010   _SysCtrlRegs
00007040   _SpiaRegs
00007050   _SciaRegs
00007070   _XIntruptRegs
00007100   _AdcRegs
00007750   _ScibRegs
00007770   _ScicRegs
00007900   _I2caRegs
00008000   _InitFlash
00008000   _RamfuncsRunStart
0000801b   _DSP28x_usDelay
0000c000   _PIDCtrl_2_DW
0000c0a4   _CpuTimer1
0000c0ac   _CpuTimer2
0000c0b4   _CpuTimer0
0000c0bc   __unlock
0000c0be   __lock
0000c0c0   __cleanup_ptr
0000c0c2   __dtors_ptr
0000c0c4   _IsrOverrun
00320000   _RamfuncsLoadStart
0032001f   _RamfuncsLoadEnd
00338000   .text
00338000   _PIDCtrl_2_step
00338000   ___text__
00338707   _PIDCtrl_2_initialize
00338775   _DMAInitialize
0033877f   _DMACH1AddrConfig
00338791   _DMACH1BurstConfig
003387a2   _DMACH1TransferConfig
003387b3   _DMACH1WrapConfig
003387c6   _DMACH1ModeConfig
00338822   _StartDMACH1
0033882a   _DMACH2AddrConfig
0033883c   _DMACH2BurstConfig
0033884d   _DMACH2TransferConfig
0033885e   _DMACH2WrapConfig
00338871   _DMACH2ModeConfig
003388cd   _StartDMACH2
003388d5   _DMACH3AddrConfig
003388e7   _DMACH3BurstConfig
003388f8   _DMACH3TransferConfig
00338909   _DMACH3WrapConfig
0033891c   _DMACH3ModeConfig
00338978   _StartDMACH3
00338980   _DMACH4AddrConfig
00338992   _DMACH4BurstConfig
003389a3   _DMACH4TransferConfig
003389b4   _DMACH4WrapConfig
003389c7   _DMACH4ModeConfig
00338a23   _StartDMACH4
00338a2b   _DMACH5AddrConfig
00338a3d   _DMACH5BurstConfig
00338a4e   _DMACH5TransferConfig
00338a5f   _DMACH5WrapConfig
00338a72   _DMACH5ModeConfig
00338ace   _StartDMACH5
00338ad6   _DMACH6AddrConfig
00338ae8   _DMACH6BurstConfig
00338af9   _DMACH6TransferConfig
00338b0a   _DMACH6WrapConfig
00338b1d   _DMACH6ModeConfig
00338b79   _StartDMACH6
00338b81   _INT13_ISR
00338b8b   _INT14_ISR
00338b95   _DATALOG_ISR
00338b9f   _RTOSINT_ISR
00338ba9   _EMUINT_ISR
00338bb3   _NMI_ISR
00338bbd   _ILLEGAL_ISR
00338bc7   _USER1_ISR
00338bd1   _USER2_ISR
00338bdb   _USER3_ISR
00338be5   _USER4_ISR
00338bef   _USER5_ISR
00338bf9   _USER6_ISR
00338c03   _USER7_ISR
00338c0d   _USER8_ISR
00338c17   _USER9_ISR
00338c21   _USER10_ISR
00338c2b   _USER11_ISR
00338c35   _USER12_ISR
00338c3f   _SEQ1INT_ISR
00338c49   _SEQ2INT_ISR
00338c53   _XINT1_ISR
00338c5d   _XINT2_ISR
00338c67   _ADCINT_ISR
00338c71   _TINT0_ISR
00338c7b   _WAKEINT_ISR
00338c85   _EPWM1_TZINT_ISR
00338c8f   _EPWM2_TZINT_ISR
00338c99   _EPWM3_TZINT_ISR
00338ca3   _EPWM4_TZINT_ISR
00338cad   _EPWM5_TZINT_ISR
00338cb7   _EPWM6_TZINT_ISR
00338cc1   _EPWM1_INT_ISR
00338ccb   _EPWM2_INT_ISR
00338cd5   _EPWM3_INT_ISR
00338cdf   _EPWM4_INT_ISR
00338ce9   _EPWM5_INT_ISR
00338cf3   _EPWM6_INT_ISR
00338cfd   _ECAP1_INT_ISR
00338d07   _ECAP2_INT_ISR
00338d11   _ECAP3_INT_ISR
00338d1b   _ECAP4_INT_ISR
00338d25   _ECAP5_INT_ISR
00338d2f   _ECAP6_INT_ISR
00338d39   _EQEP1_INT_ISR
00338d43   _EQEP2_INT_ISR
00338d4d   _SPIRXINTA_ISR
00338d57   _SPITXINTA_ISR
00338d61   _MRINTB_ISR
00338d6b   _MXINTB_ISR
00338d75   _MRINTA_ISR
00338d7f   _MXINTA_ISR
00338d89   _DINTCH1_ISR
00338d93   _DINTCH2_ISR
00338d9d   _DINTCH3_ISR
00338da7   _DINTCH4_ISR
00338db1   _DINTCH5_ISR
00338dbb   _DINTCH6_ISR
00338dc5   _I2CINT1A_ISR
00338dcf   _I2CINT2A_ISR
00338dd9   _SCIRXINTC_ISR
00338de3   _SCITXINTC_ISR
00338ded   _SCIRXINTA_ISR
00338df7   _SCITXINTA_ISR
00338e01   _SCIRXINTB_ISR
00338e0b   _SCITXINTB_ISR
00338e15   _ECAN0INTA_ISR
00338e1f   _ECAN1INTA_ISR
00338e29   _ECAN0INTB_ISR
00338e33   _ECAN1INTB_ISR
00338e3d   _XINT3_ISR
00338e47   _XINT4_ISR
00338e51   _XINT5_ISR
00338e5b   _XINT6_ISR
00338e65   _XINT7_ISR
00338e6f   _LVF_ISR
00338e79   _LUF_ISR
00338e83   _PIE_RESERVED
00338e8d   _rsvd_ISR
00338e97   _scib_rcv
00338eef   _byteswap_L8cmp
00338f26   _scic_xmit
00338f47   _byteswap_L8exp
00338f78   _scic_rcv
00338fd0   _InitSysCtrl
00338fd9   _ServiceDog
00338fe3   _DisableDog
00338feb   _InitPll
00339039   _InitPeripheralClocks
00339094   _CsmUnlock
003390c5   _config_schedulerTimer
003390d6   _disableWatchdog
003390e2   _TINT0_isr
00339125   _enable_interrupts
00339136   _disable_interrupts
0033913b   _init_SCI
00339191   _init_SCI_GPIO
003391ab   FS$$DIV
00339233   _init_board
00339294   _InitXintf16Gpio
003392b2   _InitCpuTimers
003392f1   _ConfigCpuTimer
0033932b   _c_int00
00339371   _rt_OneStep
00339394   _main
003393a9   _InitPieCtrl
003393c8   _EnableInterrupts
003393d1   _InitPieVectTable
003393f1   __args_main
0033940c   C$$EXIT
0033940c   _abort
0033940e   _exit
00339425   _config_ePWM_GPIO
0033943d   _MemCopy
00339454   __register_unlock
00339458   __register_lock
0033945c   __nop
00339465   _memset
0033946c   _PieVectTableInit
0033946c   ___etext__
0033946c   etext
0033956c   ___cinit__
0033956c   cinit
0033fff6   code_start
0033fff8   _CsmPwl
00380080   _ADC_cal
ffffffff   ___binit__
ffffffff   ___c_args__
ffffffff   ___pinit__
ffffffff   binit
ffffffff   pinit

[238 symbols]
